// Vitest Snapshot v1, https://vitest.dev/guide/snapshot.html

exports[`<HelloWorld /> > Should render App component 1`] = `
<div>
  <h1
    class="text-white"
  >
    Hello pepe
  </h1>
</div>
`;
